// Jest Snapshot v1, https://jestjs.io/docs/snapshot-testing

exports[`Footer renders 1`] = `
<footer
  class="footer footer-center p-2 text-base-content font-semibold no-screenshot"
>
  <div>
    <p>
      <span>
        Made with ðŸ’– by 
      </span>
      <a
        class="link link-accent no-underline"
        href="https://cryogenicplanet.tech"
        target="_blank"
      >
        CryogenicPlanet
      </a>
      Â andÂ 
      <a
        class="link link-accent no-underline"
        href="https://github.com/wei/"
        target="_blank"
      >
        Wei
      </a>
      <span>
        Â 
        <em>
          (v
          0.0.0
          )
        </em>
      </span>
    </p>
  </div>
  <a
    class="absolute bottom-2 right-2"
    href="https://www.netlify.com"
    target="_blank"
  >
    <img
      alt="Deploys by Netlify"
      height="33"
      src="https://www.netlify.com/v3/img/components/netlify-dark.svg"
      width="75"
    />
  </a>
</footer>
`;
